// Jest Snapshot v1, https://goo.gl/fbAQLP

exports[`Testing Tag Snapshots 1`] = `
<DocumentFragment>
  <div
    class="sc-bczRLJ gJoQXV"
  >
    2016
  </div>
</DocumentFragment>
`;
