// Jest Snapshot v1, https://goo.gl/fbAQLP

exports[`Testing Textarea Match Snapshot 1`] = `
<DocumentFragment>
  <div
    class="sc-bczRLJ bumNuM"
  >
    <textarea
      aria-label="text-area"
      class="sc-gsnTZi bLMCqs"
      size="4"
    >
      lorem ispum
    </textarea>
  </div>
</DocumentFragment>
`;
