// Jest Snapshot v1, https://goo.gl/fbAQLP

exports[`Testing Input Match Snapshot 1`] = `
<DocumentFragment>
  <div
    class="nr-input "
  >
    <input
      aria-label="input"
      type="text"
      value=""
    />
  </div>
</DocumentFragment>
`;
